RAM Allocation [bytes]
Variable                                                                          Address   Size
------------------------------------------------------------------------------------------------
tmp                                                                               0x0160      20
_base_y                                                                           0x0174       4

EEPROM Allocation [bytes]
Variable                                                                          Address   Size
------------------------------------------------------------------------------------------------

Register Allocation
Variable                                                                          Register  Size
------------------------------------------------------------------------------------------------
dt                                                                                R4,R5        2
_lcd_x                                                                            R7           1
_lcd_y                                                                            R6           1
_lcd_maxx                                                                         R9           1

FLASH Allocation [words]
Function                                                                          Address   Size
------------------------------------------------------------------------------------------------
ext_int0_isr                                                                      0x00073     21
main                                                                              0x00088     94
put_buff_G100                                                                     0x000E6     64
_print_G100                                                                       0x00126    308
sprintf                                                                           0x0025A     52
_lcd_write_nibble_G101                                                            0x0028E     37
_lcd_write_data                                                                   0x002B3     12
lcd_gotoxy                                                                        0x002BF     13
lcd_clear                                                                         0x002CC     12
lcd_putchar                                                                       0x002D8     21
lcd_puts                                                                          0x002ED     15
lcd_putsf                                                                         0x002FC     19
lcd_init                                                                          0x0030F     47
strlen                                                                            0x0033E     12
strlenf                                                                           0x0034A     13

FLASH Allocation [words]
Function                                                                          Address   Size
------------------------------------------------------------------------------------------------
ext_int0_isr                                                                      0x00073     21
main                                                                              0x00088     94
put_buff_G100                                                                     0x000E6     64
_print_G100                                                                       0x00126    308
sprintf                                                                           0x0025A     52
_lcd_write_nibble_G101                                                            0x0028E     37
_lcd_write_data                                                                   0x002B3     12
lcd_gotoxy                                                                        0x002BF     13
lcd_clear                                                                         0x002CC     12
lcd_putchar                                                                       0x002D8     21
lcd_puts                                                                          0x002ED     15
lcd_putsf                                                                         0x002FC     19
lcd_init                                                                          0x0030F     47
strlen                                                                            0x0033E     12
strlenf                                                                           0x0034A     13
